// Jest Snapshot v1, https://goo.gl/fbAQLP

exports[`Toast component snapshot 1`] = `
<div
  class="sc-jSgupP bBnoCp"
  data-testid="toast"
>
  <p
    class="sc-eCssSg irAjNe"
    data-testid="toast_message"
    font-size="16"
  >
    message
  </p>
  <button
    class="sc-dlfnbm borXTz sc-hKgILt bupsiL"
    data-testid="toast_close-button"
  >
    <div
      class="sc-bdfBwQ fQacKT"
      data-testid="icon"
    >
      <svg
        viewBox="0 0 20 20"
        xmlns="http://www.w3.org/2000/svg"
      >
        <path
          d="M10 8.586L2.929 1.515 1.515 2.929 8.586 10l-7.071 7.071 1.414 1.414L10 11.414l7.071 7.071 1.414-1.414L11.414 10l7.071-7.071-1.414-1.414L10 8.586z"
        />
      </svg>
    </div>
    <span
      class="sc-gsTCUz jeRPZM"
      data-testid="ripple"
    />
  </button>
</div>
`;
